This is LuaTeX, Version 1.24.0 (MiKTeX 26.2) (format=dvilualatex 2026.4.7)  7 APR 2026 19:59
 restricted system commands enabled.
**c:/Users/Windows 10 Pro\Desktop\Universidad 5to año\Priemer semestre\Ipre Mo
delos\Documentos al 2026-03-27\data_prep2\docs\PPI Definitions.tex
(c:/Users/Windows
LaTeX2e <2025-11-01>
L3 programming layer <2026-01-19>
Lua module: luaotfload 2024-12-03 v3.29 Lua based OpenType font support
Lua module: lualibs 2023-07-13 v2.76 ConTeXt Lua standard libraries.
Lua module: lualibs-extended 2023-07-13 v2.76 ConTeXt Lua libraries -- extended 
collection.
luaotfload | conf : Root cache directory is "C:/Users/Windows 10 Pro/AppData/Loc
al/MiKTeX/luatex-cache/generic/names".
luaotfload | init : Loading fontloader "fontloader-2023-12-28.lua" from kpse-res
olved path "C:/Users/Windows 10 Pro/AppData/Local/Programs/MiKTeX/tex/luatex/lua
otfload/fontloader-2023-12-28.lua".
Lua-only attribute luaotfload@noligature = 1
luaotfload | init : Context OpenType loader version 3.134
Inserting `luaotfload.node_processor' in `pre_linebreak_filter'.
Inserting `luaotfload.node_processor' in `hpack_filter'.
Inserting `luaotfload.glyph_stream' in `glyph_stream_provider'.
Inserting `luaotfload.define_font' in `define_font'.
Lua-only attribute luaotfload_color_attribute = 2
luaotfload | conf : Root cache directory is "C:/Users/Windows 10 Pro/AppData/Loc
al/MiKTeX/luatex-cache/generic/names".
Lua-only attribute luaotfload.letterspace_done = 3
Inserting `luaotfload.aux.set_sscale_dimens' in `luaotfload.patch_font'.
Inserting `luaotfload.aux.set_font_index' in `luaotfload.patch_font'.
Inserting `luaotfload.aux.patch_cambria_domh' in `luaotfload.patch_font'.
Inserting `luaotfload.aux.fixup_fontdata' in `luaotfload.patch_font_unsafe'.
Inserting `luaotfload.aux.set_capheight' in `luaotfload.patch_font'.
Inserting `luaotfload.aux.set_xheight' in `luaotfload.patch_font'.
Inserting `luaotfload.rewrite_fontname' in `luaotfload.patch_font'.
Inserting `tracingstacklevels' in `input_level_string'.

! LaTeX Error: Missing \begin{document}.

See the LaTeX manual or LaTeX Companion for explanation.
Type  H <return>  for immediate help.
 ...                                              
                                                  
l.1 [
     2320:1C9C][2025-03-27T13:51:16]i001: Burn v3.14.1.8722, Windows v10.0 (...

Here is how much of LuaTeX's memory you used:
 16 strings out of 476071
 100000,460012 words of node,token memory allocated
 333 words of node memory still in use:
   2 hlist, 1 local_par, 1 dir, 1 glue, 3 kern, 1 glyph, 3 attribute, 39 glue_sp
ec, 3 attribute_list, 1 temp nodes
   avail lists: 2:5,3:3,4:1,5:1,7:1
 22577 multiletter control sequences out of 65536+600000
 14 fonts using 591679 bytes
 15i,0n,18p,362b,15s stack positions out of 10000i,1000n,20000p,200000b,200000s
!  ==> Fatal error occurred, bad output DVI file produced!
No pages of output.

